// Jest Snapshot v1, https://goo.gl/fbAQLP

exports[`comparePass returns true if the passwords match 1`] = `true`;
