// Jest Snapshot v1, https://goo.gl/fbAQLP

exports[`encodeToken encodes a JWT token 1`] = `
Object {
  "token": Any<String>,
}
`;
